<!doctype html><html lang="en"><head><meta charSet="UTF-8"/><meta name="viewport" content="width=device-width, initial-scale=1"/><link rel="preload" as="image" href="/images/andrew.jpg"/><script src="https://googletagmanager.com/gtag/js?id=UA-37326155-1" async=""></script><meta name="description" content="The personal website of Andrew Duthie"/><title>Andrew Duthie</title><link rel="preconnect" href="https://fonts.gstatic.com"/><link rel="alternate" type="application/rss+xml" href="/sitemap.xml"/><script>window.dataLayer = [];
function gtag() { dataLayer.push(arguments); }
gtag('js', new Date());
gtag('config', 'UA-37326155-1');</script><link rel="stylesheet" href="https://fonts.googleapis.com/css2?family=Inter:wght@300;400&amp;display=swap"/><link rel="stylesheet" href="/style.css"/></head><body><img src="/images/andrew.jpg" alt="Andrew Duthie photo" width="135" height="135" class="avatar"/>
<h2>Hello World</h2>
<p>This is an example.</p></body></html>